
[36m================================================================================[0m
[1miMacros MV3 Test Suite - CLI Runner[0m
[36m================================================================================[0m


[36m================================================================================[0m
[1mMV3 Compatibility Guards[0m
[36m================================================================================[0m

[32m笨・content_scripts/connector.js is idempotent[0m
[DEBUG] Not starting recording - state: idle already recording: undefined
[32m笨・content_scripts/recorder.js is idempotent[0m
[32m笨・content_scripts/bookmarks_handler.js is idempotent[0m
[32m笨・content_scripts/player.js is idempotent (bootstrap scheduling)[0m
[32m笨・content_scripts/connector.js query-state fallback returns state[0m
[32m笨・utils.js is idempotent (asyncRun message listener)[0m
[32m笨・errorLogger.js is idempotent (global handlers + console wrapper)[0m
[32m笨・No chrome.*.getBackgroundPage calls detected in shipping assets[0m
[32m笨・manifest.json does not reference archived old_file assets[0m
[32m笨・Browser environment simulated[0m
[34m邃ｹ Loading source files...[0m
[GlobalErrorLogger] Singleton instance created (no global handlers)
[GlobalErrorLogger] Singleton instance created (no global handlers)
[AsyncFileIO] savedBackend after polyfill: 
[Panel] iframe context detected; skipping panel initialization: http://localhost/
[iMacros MV3] Offscreen document initialized
[32m笨・Loaded 15 source files[0m
[34m邃ｹ Loading test suites...[0m
File System Access API Test Suite loaded.
Run with: FileSystemAccessTestSuite.run()
AsyncFileIO Test Suite loaded. Run with: AfioTestSuite.run()
Regression Test Suite loaded. Run with: RegressionTestSuite.run()
[32m笨・Test suites loaded[0m

[36m================================================================================[0m
[1mSecurity Utils Tests[0m
[36m================================================================================[0m

================================================================================
Security Utils Test Suite
================================================================================
[PASS] hasPathTraversalSegments: detects ".." path segments
[PASS] sanitizeMacroFilePath: strips null bytes and trims
[PASS] sanitizeMacroFilePath: throws on traversal segments
[PASS] isPrivilegedSender: accepts extension pages, rejects content-script senders
================================================================================
Offscreen Security Test Suite
================================================================================
node : [iMacros Offscreen] B
locked unprivileged request:
 eval_in_sandbox {
発生場所 行:1 文字:1
+ node tests/run_tests_cli.j
s > test_output.txt 2>&1
+ ~~~~~~~~~~~~~~~~~~~~~~~~~~
~~~~~~~~~~~~~~~~~~~~~~~~
    + CategoryInfo          
    : NotSpecified: ([iMac  
  ros Offscr...al_in_sand   
 box {:String) [], Remot    
eException
    + FullyQualifiedErrorId 
    : NativeCommandError
 
  id: 'test-extension',
  url: 'https://example.test
/',
  tab: { id: 1, url: 'https:
//example.test/' }
}
[FileSystemAccess][FileSystemAccessService._initDB] Created object store { store: 'directoryHandles' }
[FileSystemAccess][FileSystemAccessService._initDB] IndexedDB initialized successfully { database: 'iMacrosFileSystemAccess' }
[FileSystemAccess][FileSystemAccessService.init] IndexedDB initialized successfully { database: 'iMacrosFileSystemAccess' }
[FileSystemAccess][FileSystemAccessService.init] Initializing FileSystemAccessService { autoPrompt: false, enableWindowsPathMapping: true }
[PASS] offscreen.js blocks eval_in_sandbox from unprivileged senders
[iMacros Offscreen] Blocked 
unprivileged request: clipbo
ard_write {
  id: 'test-extension',
  url: 'https://example.test
/',
  tab: { id: 1, url: 'https:
//example.test/' }
}
[PASS] offscreen.js blocks clipboard_write from unprivileged senders
[iMacros MV3 Offscreen] Sand
box iframe not found
[FileSystemAccess][FileSystemAccessService.init] WindowsPathMappingService initialized {}
[PASS] offscreen.js allows eval_in_sandbox from privileged senders (not Access denied)

[36m================================================================================[0m
[1mVariable Expansion Tests[0m
[36m================================================================================[0m

================================================================================
Variable Expansion Test Suite
================================================================================
[SKIP] Inline EVAL with whitespace and nested parentheses
[PASS] Concatenated variable placeholders
[SKIP] Whitespace in placeholders is rejected
[PASS] Undefined variables throw BadParameter
[SKIP] Circular placeholder expansion is detected
[SKIP] Runaway placeholder expansion is capped
[SKIP] Nested placeholder inside variable name
[SKIP] Special characters in custom variable names

Summary: 2 passed, 0 failed, 6 skipped

[36m================================================================================[0m
[1mOffscreen play/stop race guards[0m
[36m================================================================================[0m

[FileSystemAccess][FileSystemAccessService.init] Service initialized without root handle (autoPrompt=false) {}
[AsyncFileIO] Using virtual filesystem (native host not installed, File System Access not configured)
[AsyncFileIO] Native file access unavailable, using virtual filesystem fallback { reason: 'initialization', error: undefined }
[GlobalErrorLogger] INFO - AsyncFileIO.logFallback: Native file access unavailable, using virtual filesystem fallback
[32m笨・offscreen_bg playFile aborts when stop called during file load[0m
[32m笨・offscreen_bg playFile aborts when win_id is string and stop uses number[0m

[36m================================================================================[0m
[1mDeduplication Guard Tests[0m
[36m================================================================================[0m

================================================================================
Dedup Guard Test Suite
================================================================================
[PASS] createRecentKeyGuard: blocks duplicate within ttl
[PASS] createRecentKeyGuard: allows after ttl boundary
[PASS] createRecentKeyGuard: empty keys do not crash
[PASS] createRecentKeyGuard: enforces maxKeys bound

[36m================================================================================[0m
[1mMacro RUN Command Tests[0m
[36m================================================================================[0m

================================================================================
Macro RUN Command Test Suite
================================================================================
[SKIP] RUN executes sub-macro actions and shares globals
[SKIP] RUN isolates loop stack and restores caller context
[SKIP] RUN does not let child loops mutate caller loop frames
[SKIP] RUN prefers default extension before raw macro name
[SKIP] RUN falls back to raw name when default extension is missing
[SKIP] RUN bypasses autoplay suppression for nested execution and restores caller state
[PASS] VariableManager snapshots are deep-copied and restore local context
[SKIP] RUN resolves macro paths relative to macros folder
[SKIP] RUN falls back to default dir when macros folder is missing
[PASS] VariableManager resets between standalone macro runs

[36m================================================================================[0m
[1mPanel Play Response Tests[0m
[36m================================================================================[0m

================================================================================
Panel Play Response Test Suite
================================================================================
[Panel] no response
[PASS] handlePlayStartResponse: no response sets idle
[Panel] Play request ignored: { status: 'ignored', message: 'Duplicate request' }
[PASS] handlePlayStartResponse: ignored status returns idle
[Panel] Play request ignored: { status: 'ignored_duplicate', message: 'Duplicate request' }
[PASS] handlePlayStartResponse: ignored_duplicate status returns idle
[Panel] Play request ignored: { ignored: true, message: 'Ignored for test' }
[PASS] handlePlayStartResponse: ignored boolean returns idle
[Panel] fail log { success: 
false, error: 'Cannot determ
ine window ID' }
[PASS] handlePlayStartResponse: explicit failure returns idle
[Panel] fail log { error: 'C
annot determine window ID' }
[PASS] handlePlayStartResponse: error-only payload returns idle
[PASS] handlePlayStartResponse: success does not force idle
[Panel] Update state: idle
[Panel] Ignoring play request - command pending (play)
[Panel] Update state: idle
[Panel] Ignoring play request - command pending (play)
[PASS] command lock: updatePanelState does not release lock
[Panel] Update state: idle
[Panel] Selection changed: { type: 'macro', id: 'Macro.iim', text: 'Macro' }
[Panel] Play button clicked
[Panel] Update state: {
  isPlaying: true,
  isRecording: false,
  currentMacro: {
    type: 'macro',
    id: 'Macro.iim',
    text: 'Macro',
    path: 'Macro.iim',
    name: 'Macro'
  }
}
[Panel] Sending playMacro with ID: 1766459811298-oherp1e
[Panel] Ignoring probe request - command pending (play)
[Panel] Update state: idle
[PASS] command lock: play() releases lock after response
[Panel] Update state: recording
[PASS] updatePanelState: recording enables save/capture and disables play/loop/edit
[Panel] Update state: paused
[PASS] updatePanelState: paused shows play and keeps stop enabled
[Panel] Update state: idle
[PASS] updatePanelState: idle restores macro actions
[PASS] notifyPanelLoaded sends PANEL_LOADED and captures win_id
[PASS] notifyPanelClosing sends PANEL_CLOSING with ids and box
[PASS] saveAs/capture send recorder context methods
[Panel] Record button clicked
[Panel] Update state: { isRecording: true, isPlaying: false, currentMacro: null }
[PASS] record starts without macro selection

[36m================================================================================[0m
[1mDownload Correlation Tests[0m
[36m================================================================================[0m

================================================================================
Download Correlation Test Suite
================================================================================
[PASS] MacroPlayer.saveTarget: offscreen proxies downloads via DOWNLOADS_DOWNLOAD
[PASS] DownloadCorrelationTracker: consumes pending correlation for extension download (race-safe)
[PASS] DownloadCorrelationTracker: matches pending using originalUrl when final url differs
[PASS] DownloadCorrelationTracker: does not consume pending when extensionId mismatches
[PASS] DownloadCorrelationTracker: accepts pending when byExtensionId is missing
[PASS] DownloadCorrelationTracker: pending TTL expiration prunes stale entries
[PASS] DownloadCorrelationTracker: removePending removes by token (idempotent)
[PASS] DownloadCorrelationTracker: FIFO ordering for same URL

[36m================================================================================[0m
[1mRecorder Event Forwarding Tests[0m
[36m================================================================================[0m

================================================================================
Recorder Event Forwarding Test Suite
================================================================================
[PASS] Recorder.addListeners: offscreen skips native tab/download/webNavigation listeners
[Recorder] Re-sending start-recording to updated tab: 1
[FAIL] Recorder.onNavigation: forward_back suppresses URL GOTO and records BACK: communicator is not defined
ReferenceError: communicator is not defined
    at Recorder.onTabUpdated (mrecorder.js:1632:5)
    at Object.run (recorder_event_forwarding_test_suite.js:162:54)
    at async Object.run (recorder_event_forwarding_test_suite.js:303:21)
    at async runTests (C:\Users\yuh\Downloads\MV3-1222\tests\run_tests_cli.js:1829:65)
[PASS] Recorder.onDownloadCreated: inserts ONDOWNLOAD before last action when tab matches window
[PASS] Recorder.onDownloadCreated: ignores download when tab belongs to different window
[PASS] Recorder.onDownloadCreated: no-op when not recording

[36m================================================================================[0m
[1mFile System Access API Tests[0m
[36m================================================================================[0m

Starting File System Access API Test Suite...

================================================================================
File System Access API Test Suite
================================================================================

[TEST] Browser: File System Access API Support
[GlobalErrorLogger] INFO - BrowserSupport: File System Access API supported: true
[PASS] Browser: File System Access API Support (1ms)

[TEST] Browser: WindowsPathMappingService Support
[GlobalErrorLogger] INFO - BrowserSupport: WindowsPathMappingService supported: true
[PASS] Browser: WindowsPathMappingService Support (0ms)

[TEST] Browser: localStorage handles falsy values
[PASS] Browser: localStorage handles falsy values (0ms)

[TEST] FileSystemAccessService: Constructor
[PASS] FileSystemAccessService: Constructor (0ms)

[TEST] FileSystemAccessService: IndexedDB Initialization
[FileSystemAccess][FileSystemAccessService._initDB] IndexedDB initialized successfully { database: 'iMacrosFileSystemAccess' }
[PASS] FileSystemAccessService: IndexedDB Initialization (11ms)

[TEST] WindowsPathMappingService: Constructor
[PASS] WindowsPathMappingService: Constructor (0ms)

[TEST] WindowsPathMappingService: IndexedDB Initialization
[PASS] WindowsPathMappingService: IndexedDB Initialization (13ms)

[TEST] WindowsPathMappingService: Path Normalization
[PASS] WindowsPathMappingService: Path Normalization (1ms)

[TEST] WindowsPathMappingService: stripFileUriPrefix handles whitespace and slashes
[PASS] WindowsPathMappingService: stripFileUriPrefix handles whitespace and slashes (0ms)

[TEST] FileSystemAccessService: Windows Path Detection
[PASS] FileSystemAccessService: Windows Path Detection (1ms)

[TEST] FileSystemAccessService: Path Splitting
[PASS] FileSystemAccessService: Path Splitting (0ms)

[TEST] FileSystemAccessService: Path Joining
[PASS] FileSystemAccessService: Path Joining (0ms)

[TEST] AsyncFileIO: Backend Detection
[GlobalErrorLogger] INFO - AsyncFileIO: Current backend: virtual
Current backend: virtual
[PASS] AsyncFileIO: Backend Detection (0ms)

[TEST] AsyncFileIO: File System Access API Support Check
[GlobalErrorLogger] INFO - AsyncFileIO: File System Access API supported: true
File System Access API supported: true
[PASS] AsyncFileIO: File System Access API Support Check (0ms)

[TEST] AsyncFileIO: Windows Path Mapping Support Check
[GlobalErrorLogger] INFO - AsyncFileIO: Windows Path Mapping supported: true
Windows Path Mapping supported: true
[PASS] AsyncFileIO: Windows Path Mapping Support Check (0ms)

[TEST] NodeObject: Windows Path Creation
[PASS] NodeObject: Windows Path Creation (0ms)

[TEST] NodeObject: Virtual Path Creation
[PASS] NodeObject: Virtual Path Creation (0ms)

[TEST] Error Handling: Windows Path Without Mapping
[FileSystemAccess][FileSystemAccessService._initDB] IndexedDB initialized successfully { database: 'iMacrosFileSystemAccess' }
[FileSystemAccess][FileSystemAccessService.init] IndexedDB initialized successfully { database: 'iMacrosFileSystemAccess' }
[FileSystemAccess][FileSystemAccessService.init] Initializing FileSystemAccessService { autoPrompt: false, enableWindowsPathMapping: true }
[FileSystemAccess][FileSystemAccessService.init] WindowsPathMappingService initialized {}
[FileSystemAccess][FileSystemAccessService.init] Service initialized without root handle (autoPrompt=false) {}
[FileSystemAccess][FileSyste
mAccessService._resolvePathA
ndHandle] Error: Failed to r
esolve Windows path: C:\NonE
xistent\test.txt
No File System Access mappin
g found for path: C:\NonExis
tent\test.txt
Please select the directory 
using promptForPath() or ena
ble Native File Access.
    at FileSystemAccessServi
ce._resolvePathAndHandle (Fi
leSystemAccessService.js:488
:36)
    at async FileSystemAcces
sService._getFileHandle (Fil
eSystemAccessService.js:627:
26)
    at async FileSystemAcces
sService.readTextFile (FileS
ystemAccessService.js:773:32
)
    at async TestRunner.addT
est.category [as fn] (filesy
stem_access_test_suite.js:51
1:13)
    at async Object.runTest 
(filesystem_access_test_suit
e.js:65:17)
    at async Object.runAll (
filesystem_access_test_suite
.js:48:17)
    at async Object.run (fil
esystem_access_test_suite.js
:630:33)
    at async runTests (C:\Us
ers\yuh\Downloads\MV3-1222\t
ests\run_tests_cli.js:1853:5
9) {
  path: 'C:\\NonExistent\\te
st.txt',
  originalError: 'No File Sy
stem Access mapping found fo
r path: C:\\NonExistent\\tes
t.txt\n' +
    'Please select the direc
tory using promptForPath() o
r enable Native File Access.
',
  severity: 'HIGH',
  category: 'PATH_RESOLUTION
'
}
[FileSystemAccess][FileSyste
mAccessService.readTextFile]
 Error: Failed to resolve Wi
ndows path: C:\NonExistent\t
est.txt
No File System Access mappin
g found for path: C:\NonExis
tent\test.txt
Please select the directory 
using promptForPath() or ena
ble Native File Access.
    at FileSystemAccessServi
ce._resolvePathAndHandle (Fi
leSystemAccessService.js:488
:36)
    at async FileSystemAcces
sService._getFileHandle (Fil
eSystemAccessService.js:627:
26)
    at async FileSystemAcces
sService.readTextFile (FileS
ystemAccessService.js:773:32
)
    at async TestRunner.addT
est.category [as fn] (filesy
stem_access_test_suite.js:51
1:13)
    at async Object.runTest 
(filesystem_access_test_suit
e.js:65:17)
    at async Object.runAll (
filesystem_access_test_suite
.js:48:17)
    at async Object.run (fil
esystem_access_test_suite.js
:630:33)
    at async runTests (C:\Us
ers\yuh\Downloads\MV3-1222\t
ests\run_tests_cli.js:1853:5
9) {
  path: 'C:\\NonExistent\\te
st.txt',
  severity: 'HIGH',
  category: 'FILE_SYSTEM'
}
Correctly threw error for unmapped Windows path
[PASS] Error Handling: Windows Path Without Mapping (30ms)

[TEST] Error Handling: Windows Path Mapping Disabled
[FileSystemAccess][FileSystemAccessService._initDB] IndexedDB initialized successfully { database: 'iMacrosFileSystemAccess' }
[FileSystemAccess][FileSystemAccessService.init] IndexedDB initialized successfully { database: 'iMacrosFileSystemAccess' }
[FileSystemAccess][FileSystemAccessService.init] Initializing FileSystemAccessService { autoPrompt: false, enableWindowsPathMapping: false }
[FileSystemAccess][FileSystemAccessService.init] Service initialized without root handle (autoPrompt=false) {}
[FileSystemAccess][FileSyste
mAccessService._resolvePathA
ndHandle] Error: Windows abs
olute path detected: C:\Test
\file.txt
Windows path mapping is not 
enabled. Please enable it by
 setting enableWindowsPathMa
pping: true in options, or u
se Native File Access.
    at FileSystemAccessServi
ce._resolvePathAndHandle (Fi
leSystemAccessService.js:465
:29)
    at TestRunner.addTest.ca
tegory [as fn] (filesystem_a
ccess_test_suite.js:532:27)
    at async Object.runTest 
(filesystem_access_test_suit
e.js:65:17)
    at async Object.runAll (
filesystem_access_test_suite
.js:48:17)
    at async Object.run (fil
esystem_access_test_suite.js
:630:33)
    at async runTests (C:\Us
ers\yuh\Downloads\MV3-1222\t
ests\run_tests_cli.js:1853:5
9) {
  path: 'C:\\Test\\file.txt'
,
  severity: 'HIGH',
  category: 'PATH_MAPPING'
}
Correctly threw error for disabled Windows path mapping
[PASS] Error Handling: Windows Path Mapping Disabled (30ms)

[TEST] Error Handling: Invalid Path Format
[PASS] Error Handling: Invalid Path Format (0ms)

[TEST] Permissions: Permission Verification Method
_verifyPermission method exists
[PASS] Permissions: Permission Verification Method (0ms)
[SKIP] Utilities: Glob Pattern Conversion

[TEST] Scenario: Initialize FileSystemAccessService
[FileSystemAccess][FileSystemAccessService._initDB] IndexedDB initialized successfully { database: 'iMacrosFileSystemAccess' }
[FileSystemAccess][FileSystemAccessService.init] IndexedDB initialized successfully { database: 'iMacrosFileSystemAccess' }
[FileSystemAccess][FileSystemAccessService.init] Initializing FileSystemAccessService { autoPrompt: false, enableWindowsPathMapping: true }
[FileSystemAccess][FileSystemAccessService.init] WindowsPathMappingService initialized {}
[FileSystemAccess][FileSystemAccessService.init] Service initialized without root handle (autoPrompt=false) {}
[GlobalErrorLogger] INFO - Scenario: FileSystemAccessService init result: false
Init result: false
Service ready: false
Windows path mapping enabled: true
[PASS] Scenario: Initialize FileSystemAccessService (45ms)

[TEST] Scenario: Check All Mappings
[GlobalErrorLogger] INFO - Scenario: Current Windows path mappings: 0
Current Windows path mappings: 0
[PASS] Scenario: Check All Mappings (0ms)

================================================================================
Test Summary
================================================================================
Passed:  23
Failed:  0
Skipped: 1
Total:   24
================================================================================

[36m================================================================================[0m
[1mAsyncFileIO Tests[0m
[36m================================================================================[0m

================================================================================
Starting AsyncFileIO Test Suite
================================================================================

[TEST] VFS: Initialization
[PASS] VFS: Initialization (0ms)

[TEST] afio.isInstalled()
[PASS] afio.isInstalled() (0ms)

[TEST] afio.queryLimits()
[PASS] afio.queryLimits() (1ms)

[TEST] afio.openNode()
[PASS] afio.openNode() (0ms)

[TEST] NodeObject.path getter
[PASS] NodeObject.path getter (0ms)

[TEST] NodeObject.leafName getter
[PASS] NodeObject.leafName getter (1ms)

[TEST] NodeObject.parent getter
[PASS] NodeObject.parent getter (0ms)

[TEST] NodeObject.append()
[PASS] NodeObject.append() (0ms)

[TEST] NodeObject.clone()
[PASS] NodeObject.clone() (0ms)

[TEST] afio.getLogicalDrives()
[PASS] afio.getLogicalDrives() (1ms)

[TEST] afio.getDefaultDir()
[PASS] afio.getDefaultDir() (0ms)

[TEST] afio.makeDirectory()
[PASS] afio.makeDirectory() (1ms)

[TEST] NodeObject.createDirectory()
[PASS] NodeObject.createDirectory() (0ms)

[TEST] afio.getNodesInDir()
[PASS] afio.getNodesInDir() (1ms)

[TEST] afio.writeTextFile()
[PASS] afio.writeTextFile() (1ms)

[TEST] afio.readTextFile()
[PASS] afio.readTextFile() (0ms)

[TEST] afio.appendTextFile()
[PASS] afio.appendTextFile() (1ms)

[TEST] NodeObject.exists()
[PASS] NodeObject.exists() (0ms)

[TEST] NodeObject.isWritable()
[PASS] NodeObject.isWritable() (0ms)

[TEST] NodeObject.isReadable()
[PASS] NodeObject.isReadable() (0ms)

[TEST] NodeObject.copyTo()
[PASS] NodeObject.copyTo() (1ms)

[TEST] NodeObject.moveTo()
[PASS] NodeObject.moveTo() (1ms)

[TEST] NodeObject.remove()
[PASS] NodeObject.remove() (1ms)

[TEST] afio.writeImageToFile()
[PASS] afio.writeImageToFile() (1ms)

[TEST] Usage: mplayer.js pattern - writeTextFile with default dir
[PASS] Usage: mplayer.js pattern - writeTextFile with default dir (0ms)

[TEST] Usage: bg.js pattern - getDefaultDir and makeDirectory
[PASS] Usage: bg.js pattern - getDefaultDir and makeDirectory (1ms)

[TEST] Usage: fileView.js pattern - getNodesInDir with filter
[PASS] Usage: fileView.js pattern - getNodesInDir with filter (0ms)

[TEST] Edge: Large file handling
[PASS] Edge: Large file handling (0ms)

[TEST] Edge: Path with special characters
[PASS] Edge: Path with special characters (0ms)

[TEST] Edge: Nested directory creation
[PASS] Edge: Nested directory creation (0ms)

[TEST] Edge: Empty file handling
[PASS] Edge: Empty file handling (0ms)

[TEST] Error: Read non-existent file
[GlobalErrorLogger] HIGH - A
syncFileIO.readTextFile: Err
or: File does not exist: /Vi
rtualMacros/nonexistent.iim
    at VirtualFileService.re
adTextFile (VirtualFileServi
ce.js:584:31)
    at async callFallback (A
syncFileIO.js:587:32)
    at async obj.readTextFil
e (AsyncFileIO.js:1017:28)
    at async TestRunner.addT
est.expectsErrors [as fn] (a
fio_test_suite.js:676:13)
    at async Object.runTest 
(afio_test_suite.js:197:17)
    at async Object.runAll (
afio_test_suite.js:169:17)
    at async Object.run (afi
o_test_suite.js:776:33)
    at async runTests (C:\Us
ers\yuh\Downloads\MV3-1222\t
ests\run_tests_cli.js:1877:6
1)
Details: {
  errorCode: 'FILE_READ_ERRO
R',
  path: '/VirtualMacros/none
xistent.iim',
  backend: 'virtual',
  severity: 'HIGH',
  category: 'FILE_SYSTEM'
}
Location: VirtualFileService
.js:584:31
[PASS] Error: Read non-existent file (1ms)

[TEST] Error: Directory as file operations
[GlobalErrorLogger] HIGH - A
syncFileIO.readTextFile: Err
or: Path is a directory: /Vi
rtualMacros/
    at VirtualFileService.re
adTextFile (VirtualFileServi
ce.js:585:45)
    at async callFallback (A
syncFileIO.js:587:32)
    at async obj.readTextFil
e (AsyncFileIO.js:1017:28)
    at async TestRunner.addT
est.expectsErrors [as fn] (a
fio_test_suite.js:689:13)
    at async Object.runTest 
(afio_test_suite.js:197:17)
    at async Object.runAll (
afio_test_suite.js:169:17)
    at async Object.run (afi
o_test_suite.js:776:33)
    at async runTests (C:\Us
ers\yuh\Downloads\MV3-1222\t
ests\run_tests_cli.js:1877:6
1)
Details: {
  errorCode: 'FILE_READ_ERRO
R',
  path: '/VirtualMacros/',
  backend: 'virtual',
  severity: 'HIGH',
  category: 'FILE_SYSTEM'
}
Location: VirtualFileService
.js:585:45
[PASS] Error: Directory as file operations (1ms)

[TEST] afio.getBackendType()
[PASS] afio.getBackendType() (0ms)

[TEST] VirtualFileService export/import
[PASS] VirtualFileService export/import (3ms)

[TEST] FileSyncBridge emits change events
[PASS] FileSyncBridge emits change events (111ms)

[TEST] ErrorTracker captures locations
[ERROR] SyntheticTest: Error
: Synthetic failure
    at Object.fn (afio_test_
suite.js:758:19)
    at afio_test_suite.js:19
8:55
Details: undefined
Stack: Error: Synthetic fail
ure
    at Object.fn (afio_test_
suite.js:758:19)
    at afio_test_suite.js:19
8:55
[PASS] ErrorTracker captures locations (1ms)

================================================================================
Test Summary
================================================================================
Passed:  37
Failed:  0
Skipped: 0
Total:   37
================================================================================

GlobalErrorLogger Summary:
Total Errors: 2
Total Warnings: 0

Errors by Category:
{
  "FILE_SYSTEM": 2
}

Errors by Severity:
{
  "HIGH": 2
}

[36m================================================================================[0m
[1mRegression Tests[0m
[36m================================================================================[0m

================================================================================
Regression Test Suite
================================================================================
[PASS] packSingleKeyPressEvent parameter order matches call site
[SKIP] playInFlight guard is atomic (add follows check immediately): require() not available in this environment
[SKIP] Panel has handlers for recorder messages: require() not available in this environment
[SKIP] playFile early returns use return true: require() not available in this environment
[SKIP] Method name is correctly spelled as onNavigationErrorOccurred: require() not available in this environment

Summary: 1 passed, 0 failed, 4 skipped


[36m================================================================================[0m
[1mTest Summary[0m
[36m================================================================================[0m

[1m  Total:   135[0m
[32m  Passed:  115 (85%)[0m
[31m  Failed:  1[0m
[33m  Skipped: 19[0m

[31mFailed Tests:[0m
[31m  笨・undefined: undefined[0m

[41m  笨・1 TEST(S) FAILED[0m

